MariaDB [(none)]> SHOW DATABASES;
+--------------------+
| Database           |
+--------------------+
| adebunga           |
| information_schema |
| kelompok2b         |
| lab_pwl            |
| mysql              |
| performance_schema |
| phpmyadmin         |
| pwl_lab            |
| test               |
| uassbd             |
| website_laravel    |
+--------------------+
11 rows in set (0.009 sec)

MariaDB [(none)]> USE uassbd;
Database changed
MariaDB [uassbd]> SHOW TABLES;
+------------------------+
| Tables_in_uassbd       |
+------------------------+
| failed_jobs            |
| migrations             |
| password_resets        |
| personal_access_tokens |
| task_categories        |
| task_dailies           |
| task_indicators        |
| task_persons           |
| task_plans             |
| users                  |
+------------------------+
10 rows in set (0.004 sec)

MariaDB [uassbd]> CREATE VIEW 211402008 AS 
    -> SELECT * FROM Task_Id, Nama_Task, Status, Kategori_Indikator,Kategori, Creator_Id, Creator_Name, Prioritas;
ERROR 1064 (42000): You have an error in your SQL syntax; check the manual that corresponds to your MariaDB server version for the right syntax to use near '211402008 AS 
SELECT * FROM Task_Id, Nama_Task, Status, Kategori_Indikator,Ka...' at line 1
MariaDB [uassbd]> SELECT 
    -> a.id, a.task_name, b.task_status, b.task_comments, d.category_name as 'Category',
    -> DATEDIFF(a.task_duration_end, a.task_duration_start) as 'Lama Pengerjaan',
    -> c.name as 'Create By', (SELECT name from users where users.id = task_dailies.user_verify_id ) as 'Verified By'
    -> FROM task_plans a
    -> RIGHT JOIN task_dailies b ON a.id = b.plan_id
    -> INNER JOIN users c ON b.id = c.id
    -> RIGHT JOIN task_categories d ON a.category_id = d.id
    -> ;
ERROR 1054 (42S22): Unknown column 'a.task_duration_start' in 'field list'
MariaDB [uassbd]> SELECT 
    -> a.id, a.task_name, b.task_status, b.task_comments, d.category_name as 'Category',
    -> DATEDIFF(a.task_duration_end, a.task_duration_start) as 'Lama Pengerjaan',
    -> c.name as 'Create By', (SELECT name from users where users.id = task_dailies.user_verify_id ) as 'Verified By'
    -> FROM task_plans a
    -> RIGHT JOIN task_dailies b ON a.id = b.plan_id
    -> INNER JOIN users c ON b.id = c.id
    -> RIGHT JOIN task_categories d ON a.category_id = d.id;
ERROR 1054 (42S22): Unknown column 'a.task_duration_start' in 'field list'
MariaDB [uassbd]> NOTEE
